[debug] [2025-11-22T16:57:33.342Z] ----------------------------------------------------------------------
[debug] [2025-11-22T16:57:33.345Z] Command:       C:\Program Files\nodejs\node.exe C:\Users\rainer ramirez\AppData\Roaming\npm\node_modules\firebase-tools\lib\bin\firebase.js deploy --only hosting
[debug] [2025-11-22T16:57:33.346Z] CLI Version:   14.26.0
[debug] [2025-11-22T16:57:33.346Z] Platform:      win32
[debug] [2025-11-22T16:57:33.346Z] Node Version:  v25.2.0
[debug] [2025-11-22T16:57:33.347Z] Time:          Sun Nov 23 2025 00:57:33 GMT+0800 (Philippine Standard Time)
[debug] [2025-11-22T16:57:33.347Z] ----------------------------------------------------------------------
[debug] 
[debug] [2025-11-22T16:57:33.602Z] > command requires scopes: ["email","openid","https://www.googleapis.com/auth/cloudplatformprojects.readonly","https://www.googleapis.com/auth/firebase","https://www.googleapis.com/auth/cloud-platform"]
[debug] [2025-11-22T16:57:33.603Z] > authorizing via signed-in user (rainerramirez916@gmail.com)
[debug] [2025-11-22T16:57:33.603Z] [iam] checking project golden-yolk-market for permissions ["firebase.projects.get","firebasehosting.sites.update"]
[debug] [2025-11-22T16:57:33.605Z] Checked if tokens are valid: true, expires at: 1763834094774
[debug] [2025-11-22T16:57:33.605Z] Checked if tokens are valid: true, expires at: 1763834094774
[debug] [2025-11-22T16:57:33.606Z] >>> [apiv2][query] POST https://cloudresourcemanager.googleapis.com/v1/projects/golden-yolk-market:testIamPermissions [none]
[debug] [2025-11-22T16:57:33.606Z] >>> [apiv2][(partial)header] POST https://cloudresourcemanager.googleapis.com/v1/projects/golden-yolk-market:testIamPermissions x-goog-quota-user=projects/golden-yolk-market
[debug] [2025-11-22T16:57:33.606Z] >>> [apiv2][body] POST https://cloudresourcemanager.googleapis.com/v1/projects/golden-yolk-market:testIamPermissions {"permissions":["firebase.projects.get","firebasehosting.sites.update"]}
[debug] [2025-11-22T16:57:34.318Z] <<< [apiv2][status] POST https://cloudresourcemanager.googleapis.com/v1/projects/golden-yolk-market:testIamPermissions 200
[debug] [2025-11-22T16:57:34.318Z] <<< [apiv2][body] POST https://cloudresourcemanager.googleapis.com/v1/projects/golden-yolk-market:testIamPermissions {"permissions":["firebase.projects.get","firebasehosting.sites.update"]}
[debug] [2025-11-22T16:57:34.319Z] Checked if tokens are valid: true, expires at: 1763834094774
[debug] [2025-11-22T16:57:34.319Z] Checked if tokens are valid: true, expires at: 1763834094774
[debug] [2025-11-22T16:57:34.320Z] >>> [apiv2][query] GET https://firebase.googleapis.com/v1beta1/projects/golden-yolk-market [none]
[debug] [2025-11-22T16:57:34.803Z] <<< [apiv2][status] GET https://firebase.googleapis.com/v1beta1/projects/golden-yolk-market 200
[debug] [2025-11-22T16:57:34.804Z] <<< [apiv2][body] GET https://firebase.googleapis.com/v1beta1/projects/golden-yolk-market {"projectId":"golden-yolk-market","projectNumber":"1051912019274","displayName":"Golden Yolk Market","name":"projects/golden-yolk-market","resources":{"hostingSite":"golden-yolk-market"},"state":"ACTIVE","etag":"1_5417c3ad-547c-4dde-94b7-b5eb6a83c6e1"}
[info] 
[info] === Deploying to 'golden-yolk-market'...
[info] 
[info] i  deploying hosting 
[debug] [2025-11-22T16:57:34.820Z] Checked if tokens are valid: true, expires at: 1763834094774
[debug] [2025-11-22T16:57:34.820Z] Checked if tokens are valid: true, expires at: 1763834094774
[debug] [2025-11-22T16:57:34.821Z] >>> [apiv2][query] POST https://firebasehosting.googleapis.com/v1beta1/projects/-/sites/golden-yolk-market/versions [none]
[debug] [2025-11-22T16:57:34.821Z] >>> [apiv2][body] POST https://firebasehosting.googleapis.com/v1beta1/projects/-/sites/golden-yolk-market/versions {"status":"CREATED","labels":{"deployment-tool":"cli-firebase"}}
[debug] [2025-11-22T16:57:35.819Z] <<< [apiv2][status] POST https://firebasehosting.googleapis.com/v1beta1/projects/-/sites/golden-yolk-market/versions 200
[debug] [2025-11-22T16:57:35.819Z] <<< [apiv2][body] POST https://firebasehosting.googleapis.com/v1beta1/projects/-/sites/golden-yolk-market/versions {"name":"projects/1051912019274/sites/golden-yolk-market/versions/f93dcf9db92e2b25","status":"CREATED","config":{},"labels":{"deployment-tool":"cli-firebase"}}
[info] i  hosting[golden-yolk-market]: beginning deploy... 
[info] i  hosting[golden-yolk-market]: found 30 files in public 
[debug] [2025-11-22T16:57:35.856Z] [hosting] uploading with 200 concurrency
[debug] [2025-11-22T16:57:35.857Z] [hosting] hash cache [cHVibGlj] not populated
[debug] [2025-11-22T16:57:35.878Z] Error: EISDIR: illegal operation on a directory, read
[error] 
[error] Error: An unexpected error has occurred.
